============================= test session starts =============================
platform win32 -- Python 3.12.10, pytest-9.0.3, pluggy-1.6.0 -- C:\Users\lucas\AppData\Local\Programs\Python\Python312\python.exe
cachedir: .pytest_cache
hypothesis profile 'default'
rootdir: C:\omnisverso\staging\app_factory_v7\app_factory_v7
plugins: anyio-4.13.0, hypothesis-6.155.1, langsmith-0.8.5, asyncio-1.3.0, timeout-2.4.0
asyncio: mode=Mode.STRICT, debug=False, asyncio_default_fixture_loop_scope=None, asyncio_default_test_loop_scope=function
collecting ... collected 104 items

skills/app-factory-api-contractor/tests/test_api_contractor.py::test_run_py_exists PASSED [  0%]
skills/app-factory-api-contractor/tests/test_api_contractor.py::test_dry_run_outputs_api PASSED [  1%]
skills/app-factory-api-contractor/tests/test_api_contractor.py::test_output_schema PASSED [  2%]
skills/app-factory-deploy-planner/tests/test_deploy_planner.py::test_run_py_exists PASSED [  3%]
skills/app-factory-deploy-planner/tests/test_deploy_planner.py::test_dry_run_outputs_deploy_plan PASSED [  4%]
skills/app-factory-deploy-planner/tests/test_deploy_planner.py::test_output_schema PASSED [  5%]
skills/app-factory-discovery/tests/test_discovery.py::test_run_py_exists PASSED [  6%]
skills/app-factory-discovery/tests/test_discovery.py::test_dry_run_completes PASSED [  7%]
skills/app-factory-discovery/tests/test_discovery.py::test_output_schema PASSED [  8%]
skills/app-factory-frontend-planner/tests/test_frontend_planner.py::test_run_py_exists PASSED [  9%]
skills/app-factory-frontend-planner/tests/test_frontend_planner.py::test_dry_run_outputs_frontend PASSED [ 10%]
skills/app-factory-frontend-planner/tests/test_frontend_planner.py::test_output_schema PASSED [ 11%]
skills/app-factory-handoff/tests/test_handoff.py::test_run_py_exists PASSED [ 12%]
skills/app-factory-handoff/tests/test_handoff.py::test_dry_run_outputs_handoff PASSED [ 13%]
skills/app-factory-handoff/tests/test_handoff.py::test_output_schema PASSED [ 14%]
skills/app-factory-master/tests/test_1.py::test_run_py_exists PASSED     [ 15%]
skills/app-factory-master/tests/test_1.py::test_main_runs_dry_run PASSED [ 16%]
skills/app-factory-master/tests/test_1.py::test_output_schema PASSED     [ 17%]
skills/app-factory-schema-designer/tests/test_schema_designer.py::test_run_py_exists PASSED [ 18%]
skills/app-factory-schema-designer/tests/test_schema_designer.py::test_dry_run_outputs_schema PASSED [ 19%]
skills/app-factory-schema-designer/tests/test_schema_designer.py::test_output_schema PASSED [ 20%]
skills/app-factory-stack-decider/tests/test_stack_decider.py::test_run_py_exists PASSED [ 21%]
skills/app-factory-stack-decider/tests/test_stack_decider.py::test_dry_run_outputs_stack PASSED [ 22%]
skills/app-factory-stack-decider/tests/test_stack_decider.py::test_output_schema PASSED [ 23%]
skills/app-factory-test-oracle/tests/test_test_oracle.py::test_run_py_exists PASSED [ 24%]
skills/app-factory-test-oracle/tests/test_test_oracle.py::test_dry_run_outputs_tests PASSED [ 25%]
skills/app-factory-test-oracle/tests/test_test_oracle.py::test_output_schema PASSED [ 25%]
skills/app-intake/tests/test_app_intake.py::test_run_py_exists PASSED    [ 26%]
skills/app-intake/tests/test_app_intake.py::test_dry_run_completes PASSED [ 27%]
skills/app-intake/tests/test_app_intake.py::test_output_schema PASSED    [ 28%]
skills/blueprint-generator/tests/test_blueprint_generator.py::test_run_py_exists PASSED [ 29%]
skills/blueprint-generator/tests/test_blueprint_generator.py::test_dry_run_completes PASSED [ 30%]
skills/blueprint-generator/tests/test_blueprint_generator.py::test_output_schema PASSED [ 31%]
skills/create-crm/tests/test_create_crm.py::test_run_py_exists PASSED    [ 32%]
skills/create-crm/tests/test_create_crm.py::test_dry_run_completes PASSED [ 33%]
skills/create-crm/tests/test_create_crm.py::test_output_schema PASSED    [ 34%]
skills/create-dashboard/tests/test_create_dashboard.py::test_run_py_exists PASSED [ 35%]
skills/create-dashboard/tests/test_create_dashboard.py::test_dry_run_completes PASSED [ 36%]
skills/create-dashboard/tests/test_create_dashboard.py::test_output_schema PASSED [ 37%]
skills/create-landing-page/tests/test_create_landing_page.py::test_run_py_exists PASSED [ 38%]
skills/create-landing-page/tests/test_create_landing_page.py::test_dry_run_completes PASSED [ 39%]
skills/create-landing-page/tests/test_create_landing_page.py::test_output_schema PASSED [ 40%]
skills/create-saas-mvp/tests/test_create_saas_mvp.py::test_run_py_exists PASSED [ 41%]
skills/create-saas-mvp/tests/test_create_saas_mvp.py::test_dry_run_completes PASSED [ 42%]
skills/create-saas-mvp/tests/test_create_saas_mvp.py::test_output_schema PASSED [ 43%]
skills/kratos-snapshot/tests/test_kratos_snapshot.py::test_run_py_exists PASSED [ 44%]
skills/kratos-snapshot/tests/test_kratos_snapshot.py::test_dry_run_completes PASSED [ 45%]
skills/kratos-snapshot/tests/test_kratos_snapshot.py::test_output_schema PASSED [ 46%]
skills/memory-writeback/tests/test_memory_writeback.py::test_run_py_exists PASSED [ 47%]
skills/memory-writeback/tests/test_memory_writeback.py::test_dry_run_completes PASSED [ 48%]
skills/memory-writeback/tests/test_memory_writeback.py::test_output_schema PASSED [ 49%]
skills/prd-generator/tests/test_prd_generator.py::test_run_py_exists PASSED [ 50%]
skills/prd-generator/tests/test_prd_generator.py::test_dry_run_completes PASSED [ 50%]
skills/prd-generator/tests/test_prd_generator.py::test_output_schema PASSED [ 51%]
skills/repo-scaffolder/tests/test_repo_scaffolder.py::test_run_py_exists PASSED [ 52%]
skills/repo-scaffolder/tests/test_repo_scaffolder.py::test_dry_run_completes PASSED [ 53%]
skills/repo-scaffolder/tests/test_repo_scaffolder.py::test_output_schema PASSED [ 54%]
skills/validation-gate-runner/tests/test_validation_gate_runner.py::test_run_py_exists PASSED [ 55%]
skills/validation-gate-runner/tests/test_validation_gate_runner.py::test_dry_run_completes PASSED [ 56%]
skills/validation-gate-runner/tests/test_validation_gate_runner.py::test_output_schema PASSED [ 57%]
tests/e2e/test_pipeline_e2e.py::TestPipelineE2E::test_full_pipeline_happy_path PASSED [ 58%]
tests/e2e/test_pipeline_e2e.py::TestPipelineE2E::test_discovery_blocked_without_cp0 PASSED [ 59%]
tests/e2e/test_pipeline_e2e.py::TestPipelineE2E::test_prd_blocked_without_discovery PASSED [ 60%]
tests/e2e/test_pipeline_e2e.py::TestPipelineE2E::test_invalid_transition PASSED [ 61%]
tests/e2e/test_pipeline_e2e.py::TestPipelineE2E::test_next_states_from_idle PASSED [ 62%]
tests/e2e/test_pipeline_e2e.py::TestPipelineE2E::test_checkpoint_persistence PASSED [ 63%]
tests/e2e/test_pipeline_e2e.py::TestPipelineE2E::test_state_dict_output PASSED [ 64%]
tests/e2e/test_pipeline_e2e.py::TestPipelineE2E::test_skill_mapping PASSED [ 65%]
tests/e2e/test_pipeline_e2e.py::TestPipelineE2E::test_security_gate_requires_build PASSED [ 66%]
tests/e2e/test_pipeline_e2e.py::TestPipelineE2E::test_deploy_requires_gates PASSED [ 67%]
tests/e2e/test_pipeline_e2e.py::TestPipelineE2E::test_memory_squad_finalizes PASSED [ 68%]
tests/e2e/test_pipeline_e2e.py::TestPipelineE2E::test_no_skipping_states PASSED [ 69%]
tests/integration/test_bridge_flow_dry_run.py::test_bridge_flow_dry_run PASSED [ 70%]
tests/integration/test_golden_path.py::test_golden_path_smoke PASSED     [ 71%]
tests/unit/test_akasha_writeback.py::test_writeback_event_dry_run_logs_action PASSED [ 72%]
tests/unit/test_akasha_writeback.py::test_writeback_event_missing_keys_raises PASSED [ 73%]
tests/unit/test_akasha_writeback.py::test_writeback_event_live_raises_not_implemented PASSED [ 74%]
tests/unit/test_approval_gate.py::test_approval_gate_blocks_r3 PASSED    [ 75%]
tests/unit/test_approval_gate.py::test_approval_gate_allows_r3_if_approved PASSED [ 75%]
tests/unit/test_approval_gate.py::test_approval_gate_allows_lower_risks PASSED [ 76%]
tests/unit/test_blueprint_schema.py::test_blueprint_schema_exists_and_loads PASSED [ 77%]
tests/unit/test_cost_tracker.py::test_cost_tracker_accumulates PASSED    [ 78%]
tests/unit/test_cost_tracker.py::test_negative_cost_raises PASSED        [ 79%]
tests/unit/test_event_bus.py::test_publish_dry_run PASSED                [ 80%]
tests/unit/test_event_bus.py::test_publish_invokes_subscribers PASSED    [ 81%]
tests/unit/test_event_taxonomy.py::test_load_event_taxonomy_list_format PASSED [ 82%]
tests/unit/test_event_taxonomy.py::test_load_event_taxonomy_map_format PASSED [ 83%]
tests/unit/test_file_manifest.py::test_file_manifest_loads_and_has_entries PASSED [ 84%]
tests/unit/test_gate_config.py::test_gates_config_loads_and_has_sections PASSED [ 85%]
tests/unit/test_handoff_report_schema.py::test_handoff_report_schema_is_valid PASSED [ 86%]
tests/unit/test_idea_input_schema.py::test_idea_input_schema_is_valid PASSED [ 87%]
tests/unit/test_kratos_status.py::test_get_status_dry_run_returns_state_string PASSED [ 88%]
tests/unit/test_kratos_status.py::test_get_status_live_raises_not_implemented PASSED [ 89%]
tests/unit/test_mission_package.py::test_mission_package_load_and_save PASSED [ 90%]
tests/unit/test_mission_package.py::test_mission_package_missing_fields PASSED [ 91%]
tests/unit/test_omnis_bridge.py::test_dispatch_mission_dry_run_logs_action PASSED [ 92%]
tests/unit/test_omnis_bridge.py::test_dispatch_mission_missing_keys_raises PASSED [ 93%]
tests/unit/test_omnis_bridge.py::test_dispatch_mission_live_raises_not_implemented PASSED [ 94%]
tests/unit/test_prd_output_schema.py::test_prd_output_schema_is_valid PASSED [ 95%]
tests/unit/test_risk_classifier.py::test_classify_action_r0 PASSED       [ 96%]
tests/unit/test_risk_classifier.py::test_classify_action_r2 PASSED       [ 97%]
tests/unit/test_risk_classifier.py::test_classify_action_r3 PASSED       [ 98%]
tests/unit/test_scaffold_plan_schema.py::test_scaffold_plan_schema_exists_and_loads PASSED [ 99%]
tests/unit/test_work_order_result.py::test_work_order_result_save PASSED [100%]

============================== warnings summary ===============================
tests/integration/test_bridge_flow_dry_run.py::test_bridge_flow_dry_run
  C:\omnisverso\staging\app_factory_v7\app_factory_v7\src\bridge\mission_package.py:48: DeprecationWarning: datetime.datetime.utcnow() is deprecated and scheduled for removal in a future version. Use timezone-aware objects to represent datetimes in UTC: datetime.datetime.now(datetime.UTC).
    created_at: str = field(default_factory=lambda: datetime.utcnow().isoformat())

tests/integration/test_bridge_flow_dry_run.py::test_bridge_flow_dry_run
tests/unit/test_mission_package.py::test_mission_package_load_and_save
tests/unit/test_mission_package.py::test_mission_package_load_and_save
  C:\omnisverso\staging\app_factory_v7\app_factory_v7\src\bridge\mission_package.py:79: DeprecationWarning: datetime.datetime.utcnow() is deprecated and scheduled for removal in a future version. Use timezone-aware objects to represent datetimes in UTC: datetime.datetime.now(datetime.UTC).
    created_at=data.get("created_at", datetime.utcnow().isoformat()),

-- Docs: https://docs.pytest.org/en/stable/how-to/capture-warnings.html
======================= 104 passed, 4 warnings in 3.45s =======================
